test> use ecommerce
switched to db ecommerce
ecommerce> db.createCollection("products")
{ ok: 1 }
ecommerce> db.createCollection("messages")
{ ok: 1 }
ecommerce> show collections
messages
products
ecommerce> db.products.insertMany([
...     {"id":1,"name":"Escuadra","description":"Descripción de producto","price":120,"stock":10,"thumbnail":"https://cdn3.iconfinder.com/data/icons/education-209/64/ruler-triangle-stationary-school-64.png"},
...     {"id":2,"name":"Calculadora","description":"Descripción de producto","price":580,"stock":10,"thumbnail":"https://cdn3.iconfinder.com/data/icons/education-209/64/calculator-math-tool-school-64.png"},
...     {"id":3,"name":"Globo Terráqueo","description":"Descripción de producto","price":900,"stock":10,"thumbnail":"https://cdn3.iconfinder.com/data/icons/education-209/64/globe-earth-geograhy-planet-school-64.png"},
...     {"id":4,"name":"Lápiz","description":"Descripción de producto","price":1280,"stock":10,"thumbnail":"https://cdn2.iconfinder.com/data/icons/flat-pack-1/64/Pencil-256.png"},
...     {"id":5,"name":"Goma","description":"Descripción de producto","price":1700,"stock":10,"thumbnail":"https://cdn1.iconfinder.com/data/icons/office-icons-17/512/ilustracoes_04-08-256.png"},
...     {"id":6,"name":"Cuaderno","description":"Descripción de producto","price":2300,"stock":10,"thumbnail":"https://cdn1.iconfinder.com/data/icons/office-things/136/notebook_3-256.png"},
...     {"id":7,"name":"Libro","description":"Descripción de producto","price":2860,"stock":10,"thumbnail":"https://cdn1.iconfinder.com/data/icons/office-icons-17/512/ilustracoes_04-10-256.png"},
...     {"id":8,"name":"Pera","description":"Descripción de producto","price":3350,"stock":10,"thumbnail":"https://cdn3.iconfinder.com/data/icons/fruits-52/150/icon_fruit_pera-256.png"},
...     {"id":9,"name":"Manzana","description":"Descripción de producto","price":4320,"stock":10,"thumbnail":"https://cdn3.iconfinder.com/data/icons/food-and-drink-color/64/apple_food_fruit_healthy_juice_diet_vegetarian-256.png"},
...     {"id":10,"name":"Mochila","description":"Descripción de producto","price":4990,"stock":10,"thumbnail":"https://cdn4.iconfinder.com/data/icons/back-to-school-149/64/backpack-school-bag-school-education-512.png"}
... ])
{
  acknowledged: true,
  insertedIds: {
    '0': ObjectId("628683dd702927881df55e4c"),
g
{
  acknowledged: true,
  insertedIds: {
    '0': ObjectId("628683dd702927881df55e4c"),
    '1': ObjectId("628683dd702927881df55e4d"),
    '2': ObjectId("628683dd702927881df55e4e"),
    '3': ObjectId("628683dd702927881df55e4f"),
    '4': ObjectId("628683dd702927881df55e50"),
    '5': ObjectId("628683dd702927881df55e51"),
    '6': ObjectId("628683dd702927881df55e52"),
    '7': ObjectId("628683dd702927881df55e53"),
    '8': ObjectId("628683dd702927881df55e54"),
    '9': ObjectId("628683dd702927881df55e55")
  }
}
ecommerce> db.messages.insertMany([
...     {"email":"sech@abc.com", "date":"Sat, 19 May 2022 18:30:00 GMT","text":"Hola"},
...     {"email":"pepe@abc.com", "date":"Sat, 19 May 2022 18:31:00 GMT","text":"Hola,como andas?"},
...     {"email":"sech@abc.com", "date":"Sat, 19 May 2022 18:32:00 GMT","text":"Todo bien, vos?"},
...     {"email":"pepe@abc.com", "date":"Sat, 19 May 2022 18:33:00 GMT","text":"Bien"},
...     {"email":"sech@abc.com", "date":"Sat, 19 May 2022 18:33:00 GMT","text":"Me alegro"},
...     {"email":"pepe@abc.com", "date":"Sat, 19 May 2022 18:34:00 GMT","text":"Gracias igualmente"},
...     {"email":"sech@abc.com", "date":"Sat, 19 May 2022 18:36:00 GMT","text":"Que bueno"},
...     {"email":"pepe@abc.com", "date":"Sat, 19 May 2022 18:38:00 GMT","text":"Aja"},
...     {"email":"sech@abc.com", "date":"Sat, 19 May 2022 18:38:00 GMT","text":"Queria hablarte un poco de herbalife, tenes unos minutos?"},
...     {"email":"pepe@abc.com", "date":"Sat, 19 May 2022 18:39:00 GMT","text":"Bloqueado bobo"}
... ])
{
  acknowledged: true,
  insertedIds: {
    '0': ObjectId("628686e8702927881df55e56"),
    '1': ObjectId("628686e8702927881df55e57"),
    '2': ObjectId("628686e8702927881df55e58"),
    '3': ObjectId("628686e8702927881df55e59"),
    '4': ObjectId("628686e8702927881df55e5a"),
    '5': ObjectId("628686e8702927881df55e5b"),
    '6': ObjectId("628686e8702927881df55e5c"),
    '7': ObjectId("628686e8702927881df55e5d"),
    '8': ObjectId("628686e8702927881df55e5e"),
    '9': ObjectId("628686e8702927881df55e5f")
  }
}
ecommerce> db.products.find()
[  
  {
    _id: ObjectId("628683dd702927881df55e4c"),
    id: 1,
    name: 'Escuadra',
    description: 'Descripción de producto',
    price: 120,
    stock: 10,
    thumbnail: 'https://cdn3.iconfinder.com/data/icons/education-209/64/ruler-triangle-stationary-school-64.png'
  },
  {
    _id: ObjectId("628683dd702927881df55e4d"),
    id: 2,
    name: 'Calculadora',
    description: 'Descripción de producto',
    price: 580,
    stock: 10,
    thumbnail: 'https://cdn3.iconfinder.com/data/icons/education-209/64/calculator-math-tool-school-64.png'
  },
  {
    _id: ObjectId("628683dd702927881df55e4e"),
    id: 3,
    name: 'Globo Terráqueo',
    description: 'Descripción de producto',
    price: 900,
    stock: 10,
    thumbnail: 'https://cdn3.iconfinder.com/data/icons/education-209/64/globe-earth-geograhy-planet-school-64.png'
  },
  {
    _id: ObjectId("628683dd702927881df55e4f"),
    id: 4,
    name: 'Lápiz',
    description: 'Descripción de producto',
    price: 1280,
    stock: 10,
    thumbnail: 'https://cdn2.iconfinder.com/data/icons/flat-pack-1/64/Pencil-256.png'
  },
  {
    _id: ObjectId("628683dd702927881df55e50"),
    id: 5,
    name: 'Goma',
    description: 'Descripción de producto',
    price: 1700,
    stock: 10,
    thumbnail: 'https://cdn1.iconfinder.com/data/icons/office-icons-17/512/ilustracoes_04-08-256.png'
  },
  {
    _id: ObjectId("628683dd702927881df55e51"),
    id: 6,
    name: 'Cuaderno',
    description: 'Descripción de producto',
    price: 2300,
    stock: 10,
    thumbnail: 'https://cdn1.iconfinder.com/data/icons/office-things/136/notebook_3-256.png'
  },
  {
    _id: ObjectId("628683dd702927881df55e52"),
    id: 7,
    name: 'Libro',
    description: 'Descripción de producto',
    price: 2860,
    stock: 10,
    thumbnail: 'https://cdn1.iconfinder.com/data/icons/office-icons-17/512/ilustracoes_04-10-256.png'
  },
  {
    _id: ObjectId("628683dd702927881df55e53"),
    id: 8,
    name: 'Pera',
    description: 'Descripción de producto',
    price: 3350,
    stock: 10,
    thumbnail: 'https://cdn3.iconfinder.com/data/icons/fruits-52/150/icon_fruit_pera-256.png'
  },
  {
    _id: ObjectId("628683dd702927881df55e54"),
    id: 9,
    name: 'Manzana',
    description: 'Descripción de producto',
    price: 4320,
    stock: 10,
    thumbnail: 'https://cdn3.iconfinder.com/data/icons/food-and-drink-color/64/apple_food_fruit_healthy_juice_diet_vegetarian-256.png'
  },
  {
    _id: ObjectId("628683dd702927881df55e55"),
    id: 10,
    name: 'Mochila',
    description: 'Descripción de producto',
    price: 4990,
    stock: 10,
    thumbnail: 'https://cdn4.iconfinder.com/data/icons/back-to-school-149/64/backpack-school-bag-school-education-512.png'
  }
]
ecommerce> db.messages.find()
[
  {
    _id: ObjectId("628686e8702927881df55e56"),
    email: 'sech@abc.com',
    date: 'Sat, 19 May 2022 18:30:00 GMT',
    text: 'Hola'
  },
  {
    _id: ObjectId("628686e8702927881df55e57"),
    email: 'pepe@abc.com',
    date: 'Sat, 19 May 2022 18:31:00 GMT',
    text: 'Hola,como andas?'
  },
  {
    _id: ObjectId("628686e8702927881df55e58"),
    email: 'sech@abc.com',
    date: 'Sat, 19 May 2022 18:32:00 GMT',
    text: 'Todo bien, vos?'
  },
  {
    _id: ObjectId("628686e8702927881df55e59"),
    email: 'pepe@abc.com',
    date: 'Sat, 19 May 2022 18:33:00 GMT',
    text: 'Bien'
  },
  {
    _id: ObjectId("628686e8702927881df55e5a"),
    email: 'sech@abc.com',
    date: 'Sat, 19 May 2022 18:33:00 GMT',
    text: 'Me alegro'
  },
  {
    _id: ObjectId("628686e8702927881df55e5b"),
    email: 'pepe@abc.com',
    date: 'Sat, 19 May 2022 18:34:00 GMT',
    text: 'Gracias igualmente'
  },
  {
    _id: ObjectId("628686e8702927881df55e5c"),
    email: 'sech@abc.com',
    date: 'Sat, 19 May 2022 18:36:00 GMT',
    text: 'Que bueno'
  },
  {
    _id: ObjectId("628686e8702927881df55e5d"),
    email: 'pepe@abc.com',
    date: 'Sat, 19 May 2022 18:38:00 GMT',
    text: 'Aja'
  },
  {
    _id: ObjectId("628686e8702927881df55e5e"),
    email: 'sech@abc.com',
    date: 'Sat, 19 May 2022 18:38:00 GMT',
    text: 'Queria hablarte un poco de herbalife, tenes unos minutos?'
  },
  {
    _id: ObjectId("628686e8702927881df55e5f"),
    email: 'pepe@abc.com',
    date: 'Sat, 19 May 2022 18:39:00 GMT',
    text: 'Bloqueado bobo'
  }
]
ecommerce> db.products.insertOne({"id":11,"name":"Uniforme","description":"Descripción de producto","price":4600,"stock":10,"thumbnail":"https://cdn3.iconfinder.com/data/icons/education-science-vol-1-1/512/school_uniform_suit_clothing-256.png"})
{
  acknowledged: true,
  insertedId: ObjectId("62868dd788f13bba9497b2cc")
}
ecommerce> db.products.estimatedDocumentCount()
11
ecommerce> db.messages.estimatedDocumentCount()
10
ecommerce> db.products.find({"price":{$lt: 1000}})
[
  {
    _id: ObjectId("628683dd702927881df55e4c"),
    id: 1,
    name: 'Escuadra',
    description: 'Descripción de producto',
    price: 120,
    stock: 10,
    thumbnail: 'https://cdn3.iconfinder.com/data/icons/education-209/64/ruler-triangle-stationary-school-64.png'
  },
  {
    _id: ObjectId("628683dd702927881df55e4d"),
    id: 2,
    name: 'Calculadora',
    description: 'Descripción de producto',
    price: 580,
    stock: 10,
    thumbnail: 'https://cdn3.iconfinder.com/data/icons/education-209/64/calculator-math-tool-school-64.png'
  },
  {
    _id: ObjectId("628683dd702927881df55e4e"),
    id: 3,
    name: 'Globo Terráqueo',
    description: 'Descripción de producto',
    price: 900,
    stock: 10,
    thumbnail: 'https://cdn3.iconfinder.com/data/icons/education-209/64/globe-earth-geograhy-planet-school-64.png'
  }
]
ecommerce> db.products.find({$and:[{"price":{$gt:1000}},{"price":{$lt:3000}}]})
[
  {
    _id: ObjectId("628683dd702927881df55e4f"),
    id: 4,
    name: 'Lápiz',
    description: 'Descripción de producto',
    price: 1280,
    stock: 10,
    thumbnail: 'https://cdn2.iconfinder.com/data/icons/flat-pack-1/64/Pencil-256.png'
  },
  {
    _id: ObjectId("628683dd702927881df55e50"),
    id: 5,
    name: 'Goma',
    description: 'Descripción de producto',
    price: 1700,
    stock: 10,
    thumbnail: 'https://cdn1.iconfinder.com/data/icons/office-icons-17/512/ilustracoes_04-08-256.png'
  },
  {
    _id: ObjectId("628683dd702927881df55e51"),
    id: 6,
    name: 'Cuaderno',
    description: 'Descripción de producto',
    price: 2300,
    stock: 10,
    thumbnail: 'https://cdn1.iconfinder.com/data/icons/office-things/136/notebook_3-256.png'
  },
  {
    _id: ObjectId("628683dd702927881df55e52"),
    id: 7,
    name: 'Libro',
    description: 'Descripción de producto',
    price: 2860,
    stock: 10,
    thumbnail: 'https://cdn1.iconfinder.com/data/icons/office-icons-17/512/ilustracoes_04-10-256.png'
  }
]
ecommerce> db.products.find({"price":{$gt:3000}})
[
  {
    _id: ObjectId("628683dd702927881df55e53"),
    id: 8,
    name: 'Pera',
    description: 'Descripción de producto',
    price: 3350,
    stock: 10,
    thumbnail: 'https://cdn3.iconfinder.com/data/icons/fruits-52/150/icon_fruit_pera-256.png'
  },
  {
    _id: ObjectId("628683dd702927881df55e54"),
    id: 9,
    name: 'Manzana',
    description: 'Descripción de producto',
    price: 4320,
    stock: 10,
    thumbnail: 'https://cdn3.iconfinder.com/data/icons/food-and-drink-color/64/apple_food_fruit_healthy_juice_diet_vegetarian-256.png'
  },
  {
    _id: ObjectId("628683dd702927881df55e55"),
    id: 10,
    name: 'Mochila',
    description: 'Descripción de producto',
    price: 4990,
    stock: 10,
    thumbnail: 'https://cdn4.iconfinder.com/data/icons/back-to-school-149/64/backpack-school-bag-school-education-512.png'
  },
  {
    _id: ObjectId("62868dd788f13bba9497b2cc"),
    id: 11,
    name: 'Uniforme',
    description: 'Descripción de producto',
    price: 4600,
    stock: 10,
    thumbnail: 'https://cdn3.iconfinder.com/data/icons/education-science-vol-1-1/512/school_uniform_suit_clothing-256.png'
  }
]
ecommerce> db.products.find({"price":{$exists:1}}).sort({"price":1}).skip(2).limit(1)
[
  {
    _id: ObjectId("628683dd702927881df55e4e"),
    id: 3,
    name: 'Globo Terráqueo',
    description: 'Descripción de producto',
    price: 900,
    stock: 10,
    thumbnail: 'https://cdn3.iconfinder.com/data/icons/education-209/64/globe-earth-geograhy-planet-school-64.png'
  }
]
ecommerce> db.products.updateMany({"price":{$exists:1}}, {$set:{"stock":100}})
{
  acknowledged: true,
  insertedId: null,
  matchedCount: 11,
  modifiedCount: 11,
  upsertedCount: 0
}
ecommerce> db.products.updateMany({"price":{$gt:4000}},{$set:{"stock":0}})
{
  acknowledged: true,
  insertedId: null,
  matchedCount: 3,
  modifiedCount: 3,
  upsertedCount: 0
}
ecommerce> db.products.deleteMany({"price":{$lt:1000}})
{ acknowledged: true, deletedCount: 3 }
ecommerce> use admin
switched to db admin
admin> db.createUser({user:"pepe",pwd:"123456",roles:[{role:"read",db:"ecommerce"}]})
{ ok: 1 }
root@65517868e4ad:/# mongosh -u pepe -p
Enter password: ******
Current Mongosh Log ID: 6286e065784b90aa076588f0
Connecting to:          mongodb://127.0.0.1:27017/?directConnection=true&serverSelectionTimeoutMS=2000&appName=mongosh+1.3.1
Using MongoDB:          5.0.8
Using Mongosh:          1.3.1

For mongosh info see: https://docs.mongodb.com/mongodb-shell/
test> show databases
ecommerce  115 kB
test> use ecommerce
switched to db ecommerce
ecommerce> db.products.find()
[
  {
    _id: ObjectId("628683dd702927881df55e4f"),
    id: 4,
    name: 'Lápiz',
    description: 'Descripción de producto',
    price: 1280,
    stock: 100,
    thumbnail: 'https://cdn2.iconfinder.com/data/icons/flat-pack-1/64/Pencil-256.png'
  },
  {
    _id: ObjectId("628683dd702927881df55e50"),
    id: 5,
    name: 'Goma',
    description: 'Descripción de producto',
    price: 1700,
    stock: 100,
    thumbnail: 'https://cdn1.iconfinder.com/data/icons/office-icons-17/512/ilustracoes_04-08-256.png'
  },
  {
    _id: ObjectId("628683dd702927881df55e51"),
    id: 6,
    name: 'Cuaderno',
    description: 'Descripción de producto',
    price: 2300,
    stock: 100,
    thumbnail: 'https://cdn1.iconfinder.com/data/icons/office-things/136/notebook_3-256.png'        
  },
  {
    _id: ObjectId("628683dd702927881df55e52"),
    id: 7,
    name: 'Libro',
    description: 'Descripción de producto',
    price: 2860,
    stock: 100,
    thumbnail: 'https://cdn1.iconfinder.com/data/icons/office-icons-17/512/ilustracoes_04-10-256.png'
  },
  {
    _id: ObjectId("628683dd702927881df55e53"),
    id: 8,
    name: 'Pera',
    description: 'Descripción de producto',
    price: 3350,
    stock: 100,
    thumbnail: 'https://cdn3.iconfinder.com/data/icons/fruits-52/150/icon_fruit_pera-256.png'       
  },
  {
    _id: ObjectId("628683dd702927881df55e54"),
    id: 9,
    name: 'Manzana',
    description: 'Descripción de producto',
    price: 4320,
    stock: 0,
    thumbnail: 'https://cdn3.iconfinder.com/data/icons/food-and-drink-color/64/apple_food_fruit_healthy_juice_diet_vegetarian-256.png'
  },
  {
    _id: ObjectId("628683dd702927881df55e55"),
    id: 10,
    name: 'Mochila',
    description: 'Descripción de producto',
    price: 4990,
    stock: 0,
    thumbnail: 'https://cdn4.iconfinder.com/data/icons/back-to-school-149/64/backpack-school-bag-school-education-512.png'
  },
  {
    _id: ObjectId("62868dd788f13bba9497b2cc"),
    id: 11,
    name: 'Uniforme',
    description: 'Descripción de producto',
    price: 4600,
    stock: 0,
    thumbnail: 'https://cdn3.iconfinder.com/data/icons/education-science-vol-1-1/512/school_uniform_suit_clothing-256.png'
  }
]
ecommerce> db.products.insertOne({name:"producto"})
MongoServerError: not authorized on ecommerce to execute command { insert: "products", documents: [ 
{ name: "producto", _id: ObjectId('6286e0f05bd5b949051b805c') } ], ordered: true, lsid: { id: UUID("8f469741-493e-4cec-abe5-66a0d01ef1c2") }, $db: "ecommerce" }
